// Jest Snapshot v1, https://goo.gl/fbAQLP

exports[`Heavy should render correctly 1`] = `
<div
  className="chart"
>
  <div>
    <div
      className="recharts-wrapper"
      style={
        {
          "cursor": "default",
          "height": 500,
          "position": "relative",
          "width": 500,
        }
      }
    >
      <svg
        className="recharts-surface"
        height={500}
        style={
          {
            "height": "100%",
            "width": "100%",
          }
        }
        viewBox="0 0 500 500"
        width={500}
      >
        <title />
        <desc />
        <defs>
          <clipPath
            id="recharts1-clip"
          >
            <rect
              height={460}
              width={430}
              x={65}
              y={5}
            />
          </clipPath>
        </defs>
        <g
          className="recharts-cartesian-grid"
        >
          <g
            className="recharts-cartesian-grid-horizontal"
          >
            <line
              fill="none"
              height={460}
              stroke=""
              strokeDasharray="5 5"
              width={430}
              x={65}
              x1={65}
              x2={495}
              y={5}
              y1={465}
              y2={465}
            />
            <line
              fill="none"
              height={460}
              stroke=""
              strokeDasharray="5 5"
              width={430}
              x={65}
              x1={65}
              x2={495}
              y={5}
              y1={350}
              y2={350}
            />
            <line
              fill="none"
              height={460}
              stroke=""
              strokeDasharray="5 5"
              width={430}
              x={65}
              x1={65}
              x2={495}
              y={5}
              y1={235}
              y2={235}
            />
            <line
              fill="none"
              height={460}
              stroke=""
              strokeDasharray="5 5"
              width={430}
              x={65}
              x1={65}
              x2={495}
              y={5}
              y1={120}
              y2={120}
            />
            <line
              fill="none"
              height={460}
              stroke=""
              strokeDasharray="5 5"
              width={430}
              x={65}
              x1={65}
              x2={495}
              y={5}
              y1={5}
              y2={5}
            />
          </g>
          <g
            className="recharts-cartesian-grid-vertical"
          >
            <line
              fill="none"
              height={460}
              stroke=""
              strokeDasharray="5 5"
              width={430}
              x={65}
              x1={118.75}
              x2={118.75}
              y={5}
              y1={5}
              y2={465}
            />
            <line
              fill="none"
              height={460}
              stroke=""
              strokeDasharray="5 5"
              width={430}
              x={65}
              x1={226.25}
              x2={226.25}
              y={5}
              y1={5}
              y2={465}
            />
            <line
              fill="none"
              height={460}
              stroke=""
              strokeDasharray="5 5"
              width={430}
              x={65}
              x1={333.75}
              x2={333.75}
              y={5}
              y1={5}
              y2={465}
            />
            <line
              fill="none"
              height={460}
              stroke=""
              strokeDasharray="5 5"
              width={430}
              x={65}
              x1={441.25}
              x2={441.25}
              y={5}
              y1={5}
              y2={465}
            />
            <line
              fill="none"
              height={460}
              stroke=""
              strokeDasharray="5 5"
              width={430}
              x={65}
              x1={65}
              x2={65}
              y={5}
              y1={5}
              y2={465}
            />
            <line
              fill="none"
              height={460}
              stroke=""
              strokeDasharray="5 5"
              width={430}
              x={65}
              x1={495}
              x2={495}
              y={5}
              y1={5}
              y2={465}
            />
          </g>
        </g>
        <g
          className="recharts-layer recharts-cartesian-axis recharts-xAxis xAxis"
        >
          <line
            className="recharts-cartesian-axis-line"
            fill="none"
            height={30}
            orientation="bottom"
            stroke=""
            width={430}
            x={65}
            x1={65}
            x2={495}
            y={465}
            y1={465}
            y2={465}
          />
          <g
            className="recharts-cartesian-axis-ticks"
          >
            <g
              className="recharts-layer recharts-cartesian-axis-tick"
            >
              <line
                className="recharts-cartesian-axis-tick-line"
                fill="none"
                height={30}
                orientation="bottom"
                stroke=""
                width={430}
                x={65}
                x1={118.75}
                x2={118.75}
                y={465}
                y1={471}
                y2={465}
              />
              <text
                className="recharts-text recharts-cartesian-axis-tick-value"
                fill=""
                height={30}
                orientation="bottom"
                stroke="none"
                textAnchor="middle"
                width={430}
                x={118.75}
                y={473}
              >
                <tspan
                  dy="0.71em"
                  x={118.75}
                >
                  08:39:20
                </tspan>
              </text>
            </g>
            <g
              className="recharts-layer recharts-cartesian-axis-tick"
            >
              <line
                className="recharts-cartesian-axis-tick-line"
                fill="none"
                height={30}
                orientation="bottom"
                stroke=""
                width={430}
                x={65}
                x1={226.25}
                x2={226.25}
                y={465}
                y1={471}
                y2={465}
              />
              <text
                className="recharts-text recharts-cartesian-axis-tick-value"
                fill=""
                height={30}
                orientation="bottom"
                stroke="none"
                textAnchor="middle"
                width={430}
                x={226.25}
                y={473}
              >
                <tspan
                  dy="0.71em"
                  x={226.25}
                >
                  08:39:16
                </tspan>
              </text>
            </g>
            <g
              className="recharts-layer recharts-cartesian-axis-tick"
            >
              <line
                className="recharts-cartesian-axis-tick-line"
                fill="none"
                height={30}
                orientation="bottom"
                stroke=""
                width={430}
                x={65}
                x1={333.75}
                x2={333.75}
                y={465}
                y1={471}
                y2={465}
              />
              <text
                className="recharts-text recharts-cartesian-axis-tick-value"
                fill=""
                height={30}
                orientation="bottom"
                stroke="none"
                textAnchor="middle"
                width={430}
                x={333.75}
                y={473}
              >
                <tspan
                  dy="0.71em"
                  x={333.75}
                >
                  08:39:17
                </tspan>
              </text>
            </g>
            <g
              className="recharts-layer recharts-cartesian-axis-tick"
            >
              <line
                className="recharts-cartesian-axis-tick-line"
                fill="none"
                height={30}
                orientation="bottom"
                stroke=""
                width={430}
                x={65}
                x1={441.25}
                x2={441.25}
                y={465}
                y1={471}
                y2={465}
              />
              <text
                className="recharts-text recharts-cartesian-axis-tick-value"
                fill=""
                height={30}
                orientation="bottom"
                stroke="none"
                textAnchor="middle"
                width={430}
                x={441.25}
                y={473}
              >
                <tspan
                  dy="0.71em"
                  x={441.25}
                >
                  08:39:18
                </tspan>
              </text>
            </g>
          </g>
        </g>
        <g
          className="recharts-layer recharts-cartesian-axis recharts-yAxis yAxis"
        >
          <line
            className="recharts-cartesian-axis-line"
            fill="none"
            height={460}
            orientation="left"
            stroke=""
            width={60}
            x={5}
            x1={65}
            x2={65}
            y={5}
            y1={5}
            y2={465}
          />
          <g
            className="recharts-cartesian-axis-ticks"
          >
            <g
              className="recharts-layer recharts-cartesian-axis-tick"
            >
              <line
                className="recharts-cartesian-axis-tick-line"
                fill="none"
                height={460}
                orientation="left"
                stroke=""
                width={60}
                x={5}
                x1={59}
                x2={65}
                y={5}
                y1={465}
                y2={465}
              />
              <text
                className="recharts-text recharts-cartesian-axis-tick-value"
                fill=""
                height={460}
                orientation="left"
                stroke="none"
                textAnchor="end"
                width={60}
                x={57}
                y={465}
              >
                <tspan
                  dy="0.355em"
                  x={57}
                >
                  0
                </tspan>
              </text>
            </g>
            <g
              className="recharts-layer recharts-cartesian-axis-tick"
            >
              <line
                className="recharts-cartesian-axis-tick-line"
                fill="none"
                height={460}
                orientation="left"
                stroke=""
                width={60}
                x={5}
                x1={59}
                x2={65}
                y={5}
                y1={350}
                y2={350}
              />
              <text
                className="recharts-text recharts-cartesian-axis-tick-value"
                fill=""
                height={460}
                orientation="left"
                stroke="none"
                textAnchor="end"
                width={60}
                x={57}
                y={350}
              >
                <tspan
                  dy="0.355em"
                  x={57}
                >
                  0.65
                </tspan>
              </text>
            </g>
            <g
              className="recharts-layer recharts-cartesian-axis-tick"
            >
              <line
                className="recharts-cartesian-axis-tick-line"
                fill="none"
                height={460}
                orientation="left"
                stroke=""
                width={60}
                x={5}
                x1={59}
                x2={65}
                y={5}
                y1={235}
                y2={235}
              />
              <text
                className="recharts-text recharts-cartesian-axis-tick-value"
                fill=""
                height={460}
                orientation="left"
                stroke="none"
                textAnchor="end"
                width={60}
                x={57}
                y={235}
              >
                <tspan
                  dy="0.355em"
                  x={57}
                >
                  1.3
                </tspan>
              </text>
            </g>
            <g
              className="recharts-layer recharts-cartesian-axis-tick"
            >
              <line
                className="recharts-cartesian-axis-tick-line"
                fill="none"
                height={460}
                orientation="left"
                stroke=""
                width={60}
                x={5}
                x1={59}
                x2={65}
                y={5}
                y1={120}
                y2={120}
              />
              <text
                className="recharts-text recharts-cartesian-axis-tick-value"
                fill=""
                height={460}
                orientation="left"
                stroke="none"
                textAnchor="end"
                width={60}
                x={57}
                y={120}
              >
                <tspan
                  dy="0.355em"
                  x={57}
                >
                  1.95
                </tspan>
              </text>
            </g>
            <g
              className="recharts-layer recharts-cartesian-axis-tick"
            >
              <line
                className="recharts-cartesian-axis-tick-line"
                fill="none"
                height={460}
                orientation="left"
                stroke=""
                width={60}
                x={5}
                x1={59}
                x2={65}
                y={5}
                y1={5}
                y2={5}
              />
              <text
                className="recharts-text recharts-cartesian-axis-tick-value"
                fill=""
                height={460}
                orientation="left"
                stroke="none"
                textAnchor="end"
                width={60}
                x={57}
                y={5}
              >
                <tspan
                  dy="0.355em"
                  x={57}
                >
                  2.6
                </tspan>
              </text>
            </g>
          </g>
        </g>
        <g
          className="recharts-layer recharts-reference-line"
        >
          <line
            className="recharts-reference-line-line"
            fill="none"
            fillOpacity={1}
            stroke=""
            strokeWidth={1}
            x1={65}
            x2={495}
            y={1}
            y1={288.0769230769231}
            y2={288.0769230769231}
          />
        </g>
        <g
          className="recharts-layer recharts-bar"
        >
          <g
            className="recharts-layer recharts-bar-rectangles"
            clipPath={null}
          >
            <g
              className="recharts-layer"
            >
              <g
                className="recharts-layer recharts-bar-rectangle"
              />
              <g
                className="recharts-layer recharts-bar-rectangle"
              />
              <g
                className="recharts-layer recharts-bar-rectangle"
              />
              <g
                className="recharts-layer recharts-bar-rectangle"
              />
            </g>
          </g>
        </g>
        <g
          className="recharts-layer recharts-bar"
        >
          <g
            className="recharts-layer recharts-bar-rectangles"
            clipPath={null}
          >
            <g
              className="recharts-layer"
            >
              <g
                className="recharts-layer recharts-bar-rectangle"
              />
              <g
                className="recharts-layer recharts-bar-rectangle"
              />
              <g
                className="recharts-layer recharts-bar-rectangle"
              />
              <g
                className="recharts-layer recharts-bar-rectangle"
              />
            </g>
          </g>
        </g>
      </svg>
    </div>
  </div>
</div>
`;
